// Jest Snapshot v1, https://goo.gl/fbAQLP

exports[`hydrated options 1`] = `
Object {
  "data": "{
    \\"component\\": {
        \\"O\\": {
            \\"extraData\\": 42
        },
        \\"N\\": [
            0
        ]
    }
}",
  "html": "real admin ID",
}
`;
